[dotenv@17.2.3] injecting env (9) from .env -- tip: 🔑 add access controls to secrets: https://dotenvx.com/ops


  SSVPL MLM System - Master Verification Suite
    1. Authentication & Registration
      1) TEST 1: Basic Registration Flow
      2) TEST 2: PAN Card Limit Enforcement
    3. BV Propagation Engine
      3) "before each" hook for "TEST 1: Single Purchase Propagation"
    4. Fast Track Bonus - Core Logic
      4) "before each" hook for "TEST 1: First Match (2:1 Ratio)"
    7. Cron Job Validation
      5) TEST 2: Weekly Payout Aggregation


  0 passing (296ms)
  5 failing

  1) SSVPL MLM System - Master Verification Suite
       1. Authentication & Registration
         TEST 1: Basic Registration Flow:
     ValidationError: User validation failed: password: Path `password` (`pass`, length 4) is shorter than the minimum allowed length (6).
      at Document.invalidate (node_modules/mongoose/lib/document.js:3385:32)
      at validatePath (node_modules/mongoose/lib/document.js:3160:13)
      at async Promise.all (index 1)
      at async model.$__validate (node_modules/mongoose/lib/document.js:3101:3)
      at async model.validate (node_modules/mongoose/lib/document.js:2672:5)
      at async model.validateBeforeSave (node_modules/mongoose/lib/plugins/validateBeforeSave.js:34:7)
      at async Kareem.execPre (node_modules/kareem/index.js:65:24)
      at async model.$__save (node_modules/mongoose/lib/model.js:369:5)
      at async model.save (node_modules/mongoose/lib/model.js:609:5)
      at async /home/zephyrus/UlMind_Projects/sarvasolution_backend/node_modules/mongoose/lib/model.js:2714:9
      at async Promise.all (index 0)
      at async Function.create (node_modules/mongoose/lib/model.js:2699:11)
      at async Context.<anonymous> (file:///home/zephyrus/UlMind_Projects/sarvasolution_backend/test/master_test.js:63:26)

  2) SSVPL MLM System - Master Verification Suite
       1. Authentication & Registration
         TEST 2: PAN Card Limit Enforcement:
     ValidationError: User validation failed: fullName: Path `fullName` is required., password: Path `password` is required.
      at Document.invalidate (node_modules/mongoose/lib/document.js:3385:32)
      at validatePath (node_modules/mongoose/lib/document.js:3160:13)
      at async Promise.all (index 0)
      at async model.$__validate (node_modules/mongoose/lib/document.js:3101:3)
      at async model.validate (node_modules/mongoose/lib/document.js:2672:5)
      at async model.validateBeforeSave (node_modules/mongoose/lib/plugins/validateBeforeSave.js:34:7)
      at async Kareem.execPre (node_modules/kareem/index.js:65:24)
      at async model.$__save (node_modules/mongoose/lib/model.js:369:5)
      at async model.save (node_modules/mongoose/lib/model.js:609:5)
      at async /home/zephyrus/UlMind_Projects/sarvasolution_backend/node_modules/mongoose/lib/model.js:2714:9
      at async Promise.all (index 0)
      at async Function.create (node_modules/mongoose/lib/model.js:2699:11)
      at async Context.<anonymous> (file:///home/zephyrus/UlMind_Projects/sarvasolution_backend/test/master_test.js:93:13)

  3) SSVPL MLM System - Master Verification Suite
       3. BV Propagation Engine
         "before each" hook for "TEST 1: Single Purchase Propagation":
     ValidationError: User validation failed: phone: Path `phone` is required., fullName: Path `fullName` is required., password: Path `password` is required., email: Path `email` is required.
      at Document.invalidate (node_modules/mongoose/lib/document.js:3385:32)
      at validatePath (node_modules/mongoose/lib/document.js:3160:13)
      at async Promise.all (index 0)
      at async model.$__validate (node_modules/mongoose/lib/document.js:3101:3)
      at async model.validate (node_modules/mongoose/lib/document.js:2672:5)
      at async model.validateBeforeSave (node_modules/mongoose/lib/plugins/validateBeforeSave.js:34:7)
      at async Kareem.execPre (node_modules/kareem/index.js:65:24)
      at async model.$__save (node_modules/mongoose/lib/model.js:369:5)
      at async model.save (node_modules/mongoose/lib/model.js:609:5)
      at async /home/zephyrus/UlMind_Projects/sarvasolution_backend/node_modules/mongoose/lib/model.js:2714:9
      at async Promise.all (index 0)
      at async Function.create (node_modules/mongoose/lib/model.js:2699:11)
      at async Context.<anonymous> (file:///home/zephyrus/UlMind_Projects/sarvasolution_backend/test/master_test.js:115:20)

  4) SSVPL MLM System - Master Verification Suite
       4. Fast Track Bonus - Core Logic
         "before each" hook for "TEST 1: First Match (2:1 Ratio)":
     ValidationError: User validation failed: phone: Path `phone` is required., fullName: Path `fullName` is required., password: Path `password` is required., email: Path `email` is required.
      at Document.invalidate (node_modules/mongoose/lib/document.js:3385:32)
      at validatePath (node_modules/mongoose/lib/document.js:3160:13)
      at async Promise.all (index 0)
      at async model.$__validate (node_modules/mongoose/lib/document.js:3101:3)
      at async model.validate (node_modules/mongoose/lib/document.js:2672:5)
      at async model.validateBeforeSave (node_modules/mongoose/lib/plugins/validateBeforeSave.js:34:7)
      at async Kareem.execPre (node_modules/kareem/index.js:65:24)
      at async model.$__save (node_modules/mongoose/lib/model.js:369:5)
      at async model.save (node_modules/mongoose/lib/model.js:609:5)
      at async /home/zephyrus/UlMind_Projects/sarvasolution_backend/node_modules/mongoose/lib/model.js:2714:9
      at async Promise.all (index 0)
      at async Function.create (node_modules/mongoose/lib/model.js:2699:11)
      at async Context.<anonymous> (file:///home/zephyrus/UlMind_Projects/sarvasolution_backend/test/master_test.js:160:20)

  5) SSVPL MLM System - Master Verification Suite
       7. Cron Job Validation
         TEST 2: Weekly Payout Aggregation:
     ValidationError: UserFinance validation failed: user: Path `user` is required.
      at Document.invalidate (node_modules/mongoose/lib/document.js:3385:32)
      at validatePath (node_modules/mongoose/lib/document.js:3160:13)
      at async Promise.all (index 0)
      at async model.$__validate (node_modules/mongoose/lib/document.js:3101:3)
      at async model.validate (node_modules/mongoose/lib/document.js:2672:5)
      at async model.validateBeforeSave (node_modules/mongoose/lib/plugins/validateBeforeSave.js:34:7)
      at async Kareem.execPre (node_modules/kareem/index.js:65:24)
      at async model.$__save (node_modules/mongoose/lib/model.js:369:5)
      at async model.save (node_modules/mongoose/lib/model.js:609:5)
      at async /home/zephyrus/UlMind_Projects/sarvasolution_backend/node_modules/mongoose/lib/model.js:2714:9
      at async Promise.all (index 0)
      at async Function.create (node_modules/mongoose/lib/model.js:2699:11)
      at async Context.<anonymous> (file:///home/zephyrus/UlMind_Projects/sarvasolution_backend/test/master_test.js:284:24)



